// Vitest Snapshot v1, https://vitest.dev/guide/snapshot.html

exports[`HomeBottom > スナップショット 1`] = `
"<div>
  <p class="mb-5"> こんにちは！<strong>スモモ</strong>と申します。私のブログにお越しいただきありがとうございます。 </p>
  <p class="mb-5"> 現在、東京でフロントエンドエンジニアとして働いており、VueやNuxtを使った開発が大好きです。 </p>
  <p class="mb-10"> このブログでは、日々の学びや経験をシェアしていきたいと思います。どうぞゆっくりご覧ください！ </p>
  <div class="flex justify-center"><a href="/blog" class="rounded-md px-3.5 py-2.5 font-medium text-sm text-(--ui-bg) bg-(--ui-primary) hover:opacity-60 transition-opacity duration-250"> 記事一覧へ </a></div>
</div>"
`;
