// Vitest Snapshot v1, https://vitest.dev/guide/snapshot.html

exports[`LayoutsFooter > ã‚¹ãƒŠãƒƒãƒ—ã‚·ãƒ§ãƒƒãƒˆ 1`] = `
"<footer class="text-center text-sm base-color-secondary">
  <p class="mb-2"> Made with ðŸ©µ in Tokyo<br> using Vue, Nuxt, and UnoCSS. </p>
  <p>Â© 2024 - sumomo015.dev</p>
</footer>"
`;
